// Jest Snapshot v1, https://goo.gl/fbAQLP

exports[`Test LogIn page render component <LogIn /> 1`] = `
<div>
  <h1>
    Log in
  </h1>
  <form
    action="#"
    onReset={[Function]}
    onSubmit={[Function]}
  >
    <div
      className="text-input-container"
    >
      <label
        htmlFor="username"
      >
        GitHub username
      </label>
      <input
        className="text-input "
        name="username"
        onBlur={[Function]}
        onChange={[Function]}
        placeholder="myuser"
        type="text"
        value=""
      />
    </div>
    <button
      disabled={true}
      type="submit"
    >
      Log in
    </button>
    <h4 />
  </form>
</div>
`;
